List resource

Usage:
  glc ls [command]

Available Commands:
  aliases                    List resource aliases
  group-merge-requests       List group merge requests
  group-vars                 Get list of a group's variables
  groups                     List groups
  merge-requests             List merge requests
  namespaces                 List namespaces
  project-badges             List project badges
  project-branches           List project branches
  project-environments       List project environments
  project-hooks              List project's hooks
  project-jobs               List project jobs
  project-members            List project members
  project-merge-requests     List project merge requests
  project-pipeline-jobs      List project pipeline jobs
  project-pipelines          List project pipelines
  project-protected-branches List project protected branches
  project-vars               Get list of a project's variables
  projects                   List projects
  runners                    List runners
  ssh-keys                   List current user ssh keys
  user-ssh-keys              List specific user ssh keys
  users                      List users

Flags:
  -h, --help           help for ls
  -p, --page int       Page (default 1)
  -l, --per-page int   Items per page (default 10)

Global Flags:
  -a, --alias string                Use resource alias
  -c, --config string               Path to configuration file (default ".glc.yml")
  -i, --interactive                 enable interactive mode when applicable (eg. creation, pagination)
      --no-color                    disable color output
  -o, --output-destination string   Output result to file if specified
  -f, --output-format string        Output format, must be one of 'text', 'json', 'yaml'
      --silent                      silent mode
  -v, --verbose                     verbose output

Use "glc ls [command] --help" for more information about a command.
