Fetching projects…
- minimalproject:
    id: 4
    name: Diaspora Client
    namewithnamespace: Diaspora / Diaspora Client
    path: diaspora-client
    pathwithnamespace: diaspora/diaspora-client
  description: ""
  defaultbranch: master
  owner:
    id: 3
    name: Diaspora
    username: ""
    state: ""
    avatarurl: ""
    weburl: ""
    accesslevel: 0
    expiresat: ""
  public: false
  visibility: ""
  issuesenabled: true
  openissuescount: 0
  mergerequestsenabled: true
  wallenabled: false
  wikienabled: true
  createdatraw: '2013-09-30T13: 46: 02Z'
  namespace:
    id: 3
    name: Diaspora
    path: diaspora
    kind: ""
    fullpath: ""
    parentid: 0
    memberscountwithdescendants: 0
    plan: ""
    description: ""
    ownerid: 1
    createdat: ""
    updatedat: ""
  namespaceid: 0
  sshrepourl: git@example.com:diaspora/diaspora-client.git
  httprepourl: http://example.com/diaspora/diaspora-client.git
  weburl: http://example.com/diaspora/diaspora-client
  readmeurl: ""
  sharedrunnersenabled: true
  archived: false
  onlyallowmergeifpipelinesucceeds: false
  onlyallowmergeifalldiscussionsareresolved: false
  mergemethod: ""
  taglist: []
  sharedwithgroups: []
  forkscount: 0
  starcount: 0
  statistics: null
- minimalproject:
    id: 6
    name: Puppet
    namewithnamespace: Brightbox / Puppet
    path: puppet
    pathwithnamespace: brightbox/puppet
  description: ""
  defaultbranch: master
  owner:
    id: 4
    name: Brightbox
    username: ""
    state: ""
    avatarurl: ""
    weburl: ""
    accesslevel: 0
    expiresat: ""
  public: false
  visibility: ""
  issuesenabled: true
  openissuescount: 0
  mergerequestsenabled: true
  wallenabled: false
  wikienabled: true
  createdatraw: "2013-09-30T13:46:02Z"
  namespace:
    id: 4
    name: Brightbox
    path: brightbox
    kind: ""
    fullpath: ""
    parentid: 0
    memberscountwithdescendants: 0
    plan: ""
    description: ""
    ownerid: 1
    createdat: ""
    updatedat: ""
  namespaceid: 0
  sshrepourl: git@example.com:brightbox/puppet.git
  httprepourl: http://example.com/brightbox/puppet.git
  weburl: http://example.com/brightbox/puppet
  readmeurl: ""
  sharedrunnersenabled: false
  archived: false
  onlyallowmergeifpipelinesucceeds: false
  onlyallowmergeifalldiscussionsareresolved: false
  mergemethod: ""
  taglist: []
  sharedwithgroups: []
  forkscount: 0
  starcount: 0
  statistics: null
