Fetching users…
- id: 1
  username: john_smith
  email: john@example.com
  name: John Smith
  state: active
  avatarurl: ""
  weburl: ""
  createdat: "2012-05-23T08:00:58Z"
  isadmin: false
  bio: ""
  location: ""
  skype: ""
  linkedin: ""
  twitter: ""
  websiteurl: ""
  organization: ""
  lastsigninat: ""
  confirmedat: ""
  themeid: 1
  lastactivityon: ""
  colorschemeid: 2
  projectslimit: 0
  currentsigninat: ""
  identities: []
  cancreategroup: true
  cancreateproject: false
  twofactorenabled: false
  external: false
- id: 2
  username: jack_smith
  email: jack@example.com
  name: Jack Smith
  state: blocked
  avatarurl: ""
  weburl: ""
  createdat: "2012-05-23T08:01:01Z"
  isadmin: false
  bio: ""
  location: ""
  skype: ""
  linkedin: ""
  twitter: ""
  websiteurl: ""
  organization: ""
  lastsigninat: ""
  confirmedat: ""
  themeid: 1
  lastactivityon: ""
  colorschemeid: 3
  projectslimit: 0
  currentsigninat: ""
  identities: []
  cancreategroup: true
  cancreateproject: true
  twofactorenabled: false
  external: false
